[    0.000000] Linux version 4.15.0-118-generic (buildd@lgw01-amd64-039) (gcc version 7.5.0 (Ubuntu 7.5.0-3ubuntu1~18.04)) #119-Ubuntu SMP Tue Sep 8 12:30:01 UTC 2020 (Ubuntu 4.15.0-118.119-generic 4.15.18)
[    0.000000] Command line: BOOT_IMAGE=/boot/vmlinuz-4.15.0-118-generic root=LABEL=cloudimg-rootfs ro console=tty1 console=ttyS0
[    0.000000] KERNEL supported cpus:
[    0.000000]   Intel GenuineIntel
[    0.000000]   AMD AuthenticAMD
[    0.000000]   Centaur CentaurHauls
[    0.000000] x86/fpu: Supporting XSAVE feature 0x001: 'x87 floating point registers'
[    0.000000] x86/fpu: Supporting XSAVE feature 0x002: 'SSE registers'
[    0.000000] x86/fpu: Supporting XSAVE feature 0x004: 'AVX registers'
[    0.000000] x86/fpu: xstate_offset[2]:  576, xstate_sizes[2]:  256
[    0.000000] x86/fpu: Enabled xstate features 0x7, context size is 832 bytes, using 'standard' format.
[    0.000000] e820: BIOS-provided physical RAM map:
[    0.000000] BIOS-e820: [mem 0x0000000000000000-0x000000000009fbff] usable
[    0.000000] BIOS-e820: [mem 0x000000000009fc00-0x000000000009ffff] reserved
[    0.000000] BIOS-e820: [mem 0x00000000000f0000-0x00000000000fffff] reserved
[    0.000000] BIOS-e820: [mem 0x0000000000100000-0x00000000dffeffff] usable
[    0.000000] BIOS-e820: [mem 0x00000000dfff0000-0x00000000dfffffff] ACPI data
[    0.000000] BIOS-e820: [mem 0x00000000fec00000-0x00000000fec00fff] reserved
[    0.000000] BIOS-e820: [mem 0x00000000fee00000-0x00000000fee00fff] reserved
[    0.000000] BIOS-e820: [mem 0x00000000fffc0000-0x00000000ffffffff] reserved
[    0.000000] BIOS-e820: [mem 0x0000000100000000-0x0000000219ffffff] usable
[    0.000000] NX (Execute Disable) protection: active
[    0.000000] SMBIOS 2.5 present.
[    0.000000] DMI: innotek GmbH VirtualBox/VirtualBox, BIOS VirtualBox 12/01/2006
[    0.000000] Hypervisor detected: KVM
[    0.000000] e820: last_pfn = 0x21a000 max_arch_pfn = 0x400000000
[    0.000000] MTRR: Disabled
[    0.000000] x86/PAT: MTRRs disabled, skipping PAT initialization too.
[    0.000000] CPU MTRRs all blank - virtualized system.
[    0.000000] x86/PAT: Configuration [0-7]: WB  WT  UC- UC  WB  WT  UC- UC  
[    0.000000] e820: last_pfn = 0xdfff0 max_arch_pfn = 0x400000000
[    0.000000] found SMP MP-table at [mem 0x0009fff0-0x0009ffff]
[    0.000000] Scanning 1 areas for low memory corruption
[    0.000000] RAMDISK: [mem 0x35a67000-0x36d2afff]
[    0.000000] ACPI: Early table checksum verification disabled
[    0.000000] ACPI: RSDP 0x00000000000E0000 000024 (v02 VBOX  )
[    0.000000] ACPI: XSDT 0x00000000DFFF0030 00003C (v01 VBOX   VBOXXSDT 00000001 ASL  00000061)
[    0.000000] ACPI: FACP 0x00000000DFFF00F0 0000F4 (v04 VBOX   VBOXFACP 00000001 ASL  00000061)
[    0.000000] ACPI: DSDT 0x00000000DFFF0470 002325 (v02 VBOX   VBOXBIOS 00000002 INTL 20100528)
[    0.000000] ACPI: FACS 0x00000000DFFF0200 000040
[    0.000000] ACPI: FACS 0x00000000DFFF0200 000040
[    0.000000] ACPI: APIC 0x00000000DFFF0240 00005C (v02 VBOX   VBOXAPIC 00000001 ASL  00000061)
[    0.000000] ACPI: SSDT 0x00000000DFFF02A0 0001CC (v01 VBOX   VBOXCPUT 00000002 INTL 20100528)
[    0.000000] No NUMA configuration found
[    0.000000] Faking a node at [mem 0x0000000000000000-0x0000000219ffffff]
[    0.000000] NODE_DATA(0) allocated [mem 0x219fd1000-0x219ffbfff]
[    0.000000] kvm-clock: cpu 0, msr 2:19f50001, primary cpu clock
[    0.000000] kvm-clock: Using msrs 4b564d01 and 4b564d00
[    0.000000] kvm-clock: using sched offset of 4430140137 cycles
[    0.000000] clocksource: kvm-clock: mask: 0xffffffffffffffff max_cycles: 0x1cd42e4dffb, max_idle_ns: 881590591483 ns
[    0.000000] Zone ranges:
[    0.000000]   DMA      [mem 0x0000000000001000-0x0000000000ffffff]
[    0.000000]   DMA32    [mem 0x0000000001000000-0x00000000ffffffff]
[    0.000000]   Normal   [mem 0x0000000100000000-0x0000000219ffffff]
[    0.000000]   Device   empty
[    0.000000] Movable zone start for each node
[    0.000000] Early memory node ranges
[    0.000000]   node   0: [mem 0x0000000000001000-0x000000000009efff]
[    0.000000]   node   0: [mem 0x0000000000100000-0x00000000dffeffff]
[    0.000000]   node   0: [mem 0x0000000100000000-0x0000000219ffffff]
[    0.000000] Reserved but unavailable: 98 pages
[    0.000000] Initmem setup node 0 [mem 0x0000000000001000-0x0000000219ffffff]
[    0.000000] ACPI: PM-Timer IO Port: 0x4008
[    0.000000] IOAPIC[0]: apic_id 2, version 32, address 0xfec00000, GSI 0-23
[    0.000000] ACPI: INT_SRC_OVR (bus 0 bus_irq 0 global_irq 2 dfl dfl)
[    0.000000] ACPI: INT_SRC_OVR (bus 0 bus_irq 9 global_irq 9 low level)
[    0.000000] Using ACPI (MADT) for SMP configuration information
[    0.000000] smpboot: Allowing 2 CPUs, 0 hotplug CPUs
[    0.000000] PM: Registered nosave memory: [mem 0x00000000-0x00000fff]
[    0.000000] PM: Registered nosave memory: [mem 0x0009f000-0x0009ffff]
[    0.000000] PM: Registered nosave memory: [mem 0x000a0000-0x000effff]
[    0.000000] PM: Registered nosave memory: [mem 0x000f0000-0x000fffff]
[    0.000000] PM: Registered nosave memory: [mem 0xdfff0000-0xdfffffff]
[    0.000000] PM: Registered nosave memory: [mem 0xe0000000-0xfebfffff]
[    0.000000] PM: Registered nosave memory: [mem 0xfec00000-0xfec00fff]
[    0.000000] PM: Registered nosave memory: [mem 0xfec01000-0xfedfffff]
[    0.000000] PM: Registered nosave memory: [mem 0xfee00000-0xfee00fff]
[    0.000000] PM: Registered nosave memory: [mem 0xfee01000-0xfffbffff]
[    0.000000] PM: Registered nosave memory: [mem 0xfffc0000-0xffffffff]
[    0.000000] e820: [mem 0xe0000000-0xfebfffff] available for PCI devices
[    0.000000] Booting paravirtualized kernel on KVM
[    0.000000] clocksource: refined-jiffies: mask: 0xffffffff max_cycles: 0xffffffff, max_idle_ns: 7645519600211568 ns
[    0.000000] random: get_random_bytes called from start_kernel+0x99/0x500 with crng_init=0
[    0.000000] setup_percpu: NR_CPUS:8192 nr_cpumask_bits:2 nr_cpu_ids:2 nr_node_ids:1
[    0.000000] percpu: Embedded 45 pages/cpu s147456 r8192 d28672 u1048576
[    0.000000] PV qspinlock hash table entries: 256 (order: 0, 4096 bytes)
[    0.000000] Built 1 zonelists, mobility grouping on.  Total pages: 2040057
[    0.000000] Policy zone: Normal
[    0.000000] Kernel command line: BOOT_IMAGE=/boot/vmlinuz-4.15.0-118-generic root=LABEL=cloudimg-rootfs ro console=tty1 console=ttyS0
[    0.000000] Memory: 8044104K/8289848K available (12300K kernel code, 2482K rwdata, 4272K rodata, 2436K init, 2724K bss, 245744K reserved, 0K cma-reserved)
[    0.000000] SLUB: HWalign=64, Order=0-3, MinObjects=0, CPUs=2, Nodes=1
[    0.000000] ftrace: allocating 39396 entries in 154 pages
[    0.004000] Hierarchical RCU implementation.
[    0.004000] 	RCU restricting CPUs from NR_CPUS=8192 to nr_cpu_ids=2.
[    0.004000] 	Tasks RCU enabled.
[    0.004000] RCU: Adjusting geometry for rcu_fanout_leaf=16, nr_cpu_ids=2
[    0.004000] NR_IRQS: 524544, nr_irqs: 440, preallocated irqs: 16
[    0.004000] Console: colour VGA+ 80x25
[    0.004000] console [tty1] enabled
[    0.004000] console [ttyS0] enabled
[    0.004000] ACPI: Core revision 20170831
[    0.004000] ACPI: 2 ACPI AML tables successfully acquired and loaded
[    0.004000] APIC: Switch to symmetric I/O mode setup
[    0.004000] x2apic enabled
[    0.004000] Switched APIC routing to physical x2apic.
[    0.004000] ..TIMER: vector=0x30 apic1=0 pin1=2 apic2=-1 pin2=-1
[    0.004004] tsc: Detected 1497.601 MHz processor
[    0.004856] Calibrating delay loop (skipped) preset value.. 2995.20 BogoMIPS (lpj=5990404)
[    0.008010] pid_max: default: 32768 minimum: 301
[    0.009529] Security Framework initialized
[    0.010393] Yama: becoming mindful.
[    0.011417] AppArmor: AppArmor initialized
[    0.028203] Dentry cache hash table entries: 1048576 (order: 11, 8388608 bytes)
[    0.044169] Inode-cache hash table entries: 524288 (order: 10, 4194304 bytes)
[    0.048033] Mount-cache hash table entries: 16384 (order: 5, 131072 bytes)
[    0.052024] Mountpoint-cache hash table entries: 16384 (order: 5, 131072 bytes)
[    0.054522] Last level iTLB entries: 4KB 0, 2MB 0, 4MB 0
[    0.056006] Last level dTLB entries: 4KB 0, 2MB 0, 4MB 0, 1GB 0
[    0.057805] Spectre V1 : Mitigation: usercopy/swapgs barriers and __user pointer sanitization
[    0.060005] Spectre V2 : Mitigation: Full generic retpoline
[    0.064002] Spectre V2 : Spectre v2 / SpectreRSB mitigation: Filling RSB on context switch
[    0.066574] Speculative Store Bypass: Vulnerable
[    0.068247] Freeing SMP alternatives memory: 36K
[    0.177590] smpboot: CPU0: Intel(R) Core(TM) i7-1065G7 CPU @ 1.30GHz (family: 0x6, model: 0x7e, stepping: 0x5)
[    0.180000] Performance Events: unsupported p6 CPU model 126 no PMU driver, software events only.
[    0.180045] Hierarchical SRCU implementation.
[    0.182938] NMI watchdog: Perf event create on CPU 0 failed with -2
[    0.184003] NMI watchdog: Perf NMI watchdog permanently disabled
[    0.188104] smp: Bringing up secondary CPUs ...
[    0.192143] x86: Booting SMP configuration:
[    0.193433] .... node  #0, CPUs:      #1
[    0.004000] kvm-clock: cpu 1, msr 2:19f50041, secondary cpu clock
[    0.198874] smp: Brought up 1 node, 2 CPUs
[    0.198874] smpboot: Max logical packages: 1
[    0.200007] smpboot: Total of 2 processors activated (5990.40 BogoMIPS)
[    0.202184] devtmpfs: initialized
[    0.202184] x86/mm: Memory block size: 128MB
[    0.204430] evm: security.selinux
[    0.204894] evm: security.SMACK64
[    0.206278] evm: security.SMACK64EXEC
[    0.208004] evm: security.SMACK64TRANSMUTE
[    0.210510] evm: security.SMACK64MMAP
[    0.212003] evm: security.apparmor
[    0.214407] evm: security.ima
[    0.216003] evm: security.capability
[    0.218943] clocksource: jiffies: mask: 0xffffffff max_cycles: 0xffffffff, max_idle_ns: 7645041785100000 ns
[    0.220019] futex hash table entries: 512 (order: 3, 32768 bytes)
[    0.224081] pinctrl core: initialized pinctrl subsystem
[    0.225688] RTC time: 21:22:33, date: 03/17/21
[    0.228069] NET: Registered protocol family 16
[    0.229464] audit: initializing netlink subsys (disabled)
[    0.231034] audit: type=2000 audit(1616016159.966:1): state=initialized audit_enabled=0 res=1
[    0.232025] cpuidle: using governor ladder
[    0.232709] cpuidle: using governor menu
[    0.236079] ACPI: bus type PCI registered
[    0.237217] acpiphp: ACPI Hot Plug PCI Controller Driver version: 0.5
[    0.240142] PCI: Using configuration type 1 for base access
[    0.245192] HugeTLB registered 2.00 MiB page size, pre-allocated 0 pages
[    0.248122] ACPI: Added _OSI(Module Device)
[    0.252005] ACPI: Added _OSI(Processor Device)
[    0.253104] ACPI: Added _OSI(3.0 _SCP Extensions)
[    0.254094] ACPI: Added _OSI(Processor Aggregator Device)
[    0.256005] ACPI: Added _OSI(Linux-Dell-Video)
[    0.257396] ACPI: Added _OSI(Linux-Lenovo-NV-HDMI-Audio)
[    0.259150] ACPI: Added _OSI(Linux-HPI-Hybrid-Graphics)
[    0.260583] ACPI: Executed 1 blocks of module-level executable AML code
[    0.269136] ACPI: Interpreter enabled
[    0.270506] ACPI: (supports S0 S5)
[    0.271605] ACPI: Using IOAPIC for interrupt routing
[    0.272373] PCI: Using host bridge windows from ACPI; if necessary, use "pci=nocrs" and report a bug
[    0.274874] ACPI: Enabled 2 GPEs in block 00 to 07
[    0.289031] ACPI: PCI Root Bridge [PCI0] (domain 0000 [bus 00-ff])
[    0.291270] acpi PNP0A03:00: _OSC: OS supports [ASPM ClockPM Segments MSI]
[    0.292871] acpi PNP0A03:00: _OSC: not requesting OS control; OS requires [ExtendedConfig ASPM ClockPM MSI]
[    0.296023] acpi PNP0A03:00: fail to add MMCONFIG information, can't access extended PCI configuration space under this bridge.
[    0.300482] PCI host bridge to bus 0000:00
[    0.302186] pci_bus 0000:00: root bus resource [io  0x0000-0x0cf7 window]
[    0.304010] pci_bus 0000:00: root bus resource [io  0x0d00-0xffff window]
[    0.308006] pci_bus 0000:00: root bus resource [mem 0x000a0000-0x000bffff window]
[    0.310747] pci_bus 0000:00: root bus resource [mem 0xe0000000-0xfdffffff window]
[    0.312006] pci_bus 0000:00: root bus resource [bus 00-ff]
[    0.317184] pci 0000:00:01.1: legacy IDE quirk: reg 0x10: [io  0x01f0-0x01f7]
[    0.320006] pci 0000:00:01.1: legacy IDE quirk: reg 0x14: [io  0x03f6]
[    0.321622] pci 0000:00:01.1: legacy IDE quirk: reg 0x18: [io  0x0170-0x0177]
[    0.324008] pci 0000:00:01.1: legacy IDE quirk: reg 0x1c: [io  0x0376]
[    0.397197] pci 0000:00:07.0: quirk: [io  0x4000-0x403f] claimed by PIIX4 ACPI
[    0.398535] pci 0000:00:07.0: quirk: [io  0x4100-0x410f] claimed by PIIX4 SMB
[    0.441636] ACPI: PCI Interrupt Link [LNKA] (IRQs 5 9 10 *11)
[    0.444695] ACPI: PCI Interrupt Link [LNKB] (IRQs 5 9 *10 11)
[    0.448145] ACPI: PCI Interrupt Link [LNKC] (IRQs 5 *9 10 11)
[    0.449793] ACPI: PCI Interrupt Link [LNKD] (IRQs 5 9 10 *11)
[    0.452531] SCSI subsystem initialized
[    0.453818] pci 0000:00:02.0: vgaarb: setting as boot VGA device
[    0.453940] pci 0000:00:02.0: vgaarb: VGA device added: decodes=io+mem,owns=io+mem,locks=none
[    0.456015] pci 0000:00:02.0: vgaarb: bridge control possible
[    0.457801] vgaarb: loaded
[    0.460035] ACPI: bus type USB registered
[    0.461381] usbcore: registered new interface driver usbfs
[    0.463076] usbcore: registered new interface driver hub
[    0.464030] usbcore: registered new device driver usb
[    0.465436] EDAC MC: Ver: 3.0.0
[    0.469771] PCI: Using ACPI for IRQ routing
[    0.473974] NetLabel: Initializing
[    0.476010] NetLabel:  domain hash size = 128
[    0.477695] NetLabel:  protocols = UNLABELED CIPSOv4 CALIPSO
[    0.480048] NetLabel:  unlabeled traffic allowed by default
[    0.482165] clocksource: Switched to clocksource kvm-clock
[    0.515487] VFS: Disk quotas dquot_6.6.0
[    0.518137] VFS: Dquot-cache hash table entries: 512 (order 0, 4096 bytes)
[    0.521401] AppArmor: AppArmor Filesystem Enabled
[    0.523971] pnp: PnP ACPI init
[    0.528004] pnp: PnP ACPI: found 3 devices
[    0.546753] clocksource: acpi_pm: mask: 0xffffff max_cycles: 0xffffff, max_idle_ns: 2085701024 ns
[    0.552003] NET: Registered protocol family 2
[    0.554772] TCP established hash table entries: 65536 (order: 7, 524288 bytes)
[    0.566401] TCP bind hash table entries: 65536 (order: 8, 1048576 bytes)
[    0.573784] TCP: Hash tables configured (established 65536 bind 65536)
[    0.578752] UDP hash table entries: 4096 (order: 5, 131072 bytes)
[    0.580119] UDP-Lite hash table entries: 4096 (order: 5, 131072 bytes)
[    0.581669] NET: Registered protocol family 1
[    0.582788] pci 0000:00:00.0: Limiting direct PCI/PCI transfers
[    0.584097] pci 0000:00:01.0: Activating ISA DMA hang workarounds
[    0.585883] pci 0000:00:02.0: Video device with shadowed ROM at [mem 0x000c0000-0x000dffff]
[    0.588568] Unpacking initramfs...
[    1.176942] Freeing initrd memory: 19216K
[    1.178191] PCI-DMA: Using software bounce buffering for IO (SWIOTLB)
[    1.181453] software IO TLB: mapped [mem 0xdbff0000-0xdfff0000] (64MB)
[    1.183181] clocksource: tsc: mask: 0xffffffffffffffff max_cycles: 0x1596484d3e3, max_idle_ns: 440795208498 ns
[    1.185899] platform rtc_cmos: registered platform RTC device (no PNP device found)
[    1.187838] Scanning for low memory corruption every 60 seconds
[    1.192140] Initialise system trusted keyrings
[    1.193539] Key type blacklist registered
[    1.194973] workingset: timestamp_bits=36 max_order=21 bucket_order=0
[    1.198821] zbud: loaded
[    1.200767] squashfs: version 4.0 (2009/01/31) Phillip Lougher
[    1.202775] fuse init (API version 7.26)
[    1.211712] Key type asymmetric registered
[    1.212701] Asymmetric key parser 'x509' registered
[    1.213792] Block layer SCSI generic (bsg) driver version 0.4 loaded (major 246)
[    1.215487] io scheduler noop registered
[    1.216432] io scheduler deadline registered
[    1.217422] io scheduler cfq registered (default)
[    1.218827] ACPI: AC Adapter [AC] (on-line)
[    1.219874] input: Power Button as /devices/LNXSYSTM:00/LNXPWRBN:00/input/input0
[    1.222025] ACPI: Power Button [PWRF]
[    1.222945] input: Sleep Button as /devices/LNXSYSTM:00/LNXSLPBN:00/input/input1
[    1.225274] ACPI: Sleep Button [SLPF]
[    1.228082] ACPI: Battery Slot [BAT0] (battery present)
[    1.228278] Serial: 8250/16550 driver, 32 ports, IRQ sharing enabled
[    1.260951] 00:02: ttyS0 at I/O 0x3f8 (irq = 4, base_baud = 115200) is a 16550A
[    1.268851] Linux agpgart interface v0.103
[    1.270550] loop: module loaded
[    1.272101] scsi host0: ata_piix
[    1.274425] scsi host1: ata_piix
[    1.276000] ata1: PATA max UDMA/33 cmd 0x1f0 ctl 0x3f6 bmdma 0xd000 irq 14
[    1.279277] ata2: PATA max UDMA/33 cmd 0x170 ctl 0x376 bmdma 0xd008 irq 15
[    1.280869] libphy: Fixed MDIO Bus: probed
[    1.281744] tun: Universal TUN/TAP device driver, 1.6
[    1.283123] PPP generic driver version 2.4.2
[    1.284076] ehci_hcd: USB 2.0 'Enhanced' Host Controller (EHCI) Driver
[    1.285711] ehci-pci: EHCI PCI platform driver
[    1.287033] ehci-platform: EHCI generic platform driver
[    1.288361] ohci_hcd: USB 1.1 'Open' Host Controller (OHCI) Driver
[    1.289433] ohci-pci: OHCI PCI platform driver
[    1.290679] ohci-platform: OHCI generic platform driver
[    1.291835] uhci_hcd: USB Universal Host Controller Interface driver
[    1.293584] i8042: PNP: PS/2 Controller [PNP0303:PS2K,PNP0f03:PS2M] at 0x60,0x64 irq 1,12
[    1.295904] serio: i8042 KBD port at 0x60,0x64 irq 1
[    1.297046] serio: i8042 AUX port at 0x60,0x64 irq 12
[    1.298012] mousedev: PS/2 mouse device common for all mice
[    1.299572] input: AT Translated Set 2 keyboard as /devices/platform/i8042/serio0/input/input2
[    1.302294] rtc_cmos rtc_cmos: rtc core: registered rtc_cmos as rtc0
[    1.303751] rtc_cmos rtc_cmos: alarms up to one day, 114 bytes nvram
[    1.305624] i2c /dev entries driver
[    1.306795] device-mapper: uevent: version 1.0.3
[    1.309729] device-mapper: ioctl: 4.37.0-ioctl (2017-09-20) initialised: dm-devel@redhat.com
[    1.312226] ledtrig-cpu: registered to indicate activity on CPUs
[    1.314588] NET: Registered protocol family 10
[    1.328275] Segment Routing with IPv6
[    1.329479] NET: Registered protocol family 17
[    1.330970] Key type dns_resolver registered
[    1.332426] mce: Using 0 MCE banks
[    1.333966] RAS: Correctable Errors collector initialized.
[    1.335219] sched_clock: Marking stable (1332405325, 0)->(2395356395, -1062951070)
[    1.337947] registered taskstats version 1
[    1.339184] Loading compiled-in X.509 certificates
[    1.343744] Loaded X.509 cert 'Build time autogenerated kernel key: 12f2d460e247d21dc5d156478bb7d4abc0f5a070'
[    1.346318] zswap: loaded using pool lzo/zbud
[    1.351716] Key type big_key registered
[    1.353035] Key type trusted registered
[    1.356397] Key type encrypted registered
[    1.357833] AppArmor: AppArmor sha1 policy hashing enabled
[    1.359143] ima: No TPM chip found, activating TPM-bypass! (rc=-19)
[    1.361023] ima: Allocated hash algorithm: sha1
[    1.361923] evm: HMAC attrs: 0x1
[    1.363229]   Magic number: 13:310:399
[    1.365109] rtc_cmos rtc_cmos: setting system clock to 2021-03-17 21:22:34 UTC (1616016154)
[    1.367296] BIOS EDD facility v0.16 2004-Jun-25, 0 devices found
[    1.368832] EDD information not available.
[    1.522986] Freeing unused kernel image memory: 2436K
[    1.736100] Write protecting the kernel read-only data: 20480k
[    1.738857] Freeing unused kernel image memory: 2008K
[    1.743192] Freeing unused kernel image memory: 1872K
[    1.756957] x86/mm: Checked W+X mappings: passed, no W+X pages found.
Loading, please wait...
starting version 237
[    1.852341] e1000: Intel(R) PRO/1000 Network Driver - version 7.3.21-k8-NAPI
[    1.854323] e1000: Copyright (c) 1999-2006 Intel Corporation.
[    1.856146] Fusion MPT base driver 3.04.20
[    1.857065] Copyright (c) 1999-2008 LSI Corporation
[    1.904079] Fusion MPT SPI Host driver 3.04.20
[    1.909578] AVX2 version of gcm_enc/dec engaged.
[    1.910270] AES CTR mode by8 optimization enabled
[    2.069516] input: ImExPS/2 Generic Explorer Mouse as /devices/platform/i8042/serio1/input/input4
[    2.303974] e1000 0000:00:03.0 eth0: (PCI:33MHz:32-bit) 02:9d:c8:d0:97:b6
[    2.306152] e1000 0000:00:03.0 eth0: Intel(R) PRO/1000 Network Connection
[    2.754957] e1000 0000:00:08.0 eth1: (PCI:33MHz:32-bit) 08:00:27:05:4a:06
[    2.757401] e1000 0000:00:08.0 eth1: Intel(R) PRO/1000 Network Connection
[    2.761181] e1000 0000:00:08.0 enp0s8: renamed from eth1
[    2.767134] mptbase: ioc0: Initiating bringup
[    2.776706] e1000 0000:00:03.0 enp0s3: renamed from eth0
[    2.872696] ioc0: LSI53C1030 A0: Capabilities={Initiator}
[    3.117933] scsi host2: ioc0: LSI53C1030 A0, FwRev=00000000h, Ports=1, MaxQ=256, IRQ=20
[    3.284973] scsi 2:0:0:0: Direct-Access     VBOX     HARDDISK         1.0  PQ: 0 ANSI: 5
[    3.323711] scsi target2:0:0: Beginning Domain Validation
[    3.326538] scsi target2:0:0: Domain Validation skipping write tests
[    3.328229] scsi target2:0:0: Ending Domain Validation
[    3.329796] scsi target2:0:0: asynchronous
[    3.331460] scsi 2:0:1:0: Direct-Access     VBOX     HARDDISK         1.0  PQ: 0 ANSI: 5
[    4.209705] scsi target2:0:1: Beginning Domain Validation
[    4.211564] random: fast init done
[    4.213652] scsi target2:0:1: Domain Validation skipping write tests
[    4.218333] scsi target2:0:1: Ending Domain Validation
[    4.219642] scsi target2:0:1: asynchronous
[    4.226016] random: systemd-udevd: uninitialized urandom read (16 bytes read)
[    4.226217] sd 2:0:0:0: [sda] 52428800 512-byte logical blocks: (26.8 GB/25.0 GiB)
[    4.227572] random: systemd-udevd: uninitialized urandom read (16 bytes read)
[    4.230176] sd 2:0:0:0: [sda] Write Protect is off
[    4.231463] random: systemd-udevd: uninitialized urandom read (16 bytes read)
[    4.236666] sd 2:0:0:0: Attached scsi generic sg0 type 0
[    4.239155] sd 2:0:1:0: Attached scsi generic sg1 type 0
[    4.240900] sd 2:0:0:0: [sda] Incomplete mode parameter data
[    4.241829] sd 2:0:0:0: [sda] Assuming drive cache: write through
[    4.243193] sd 2:0:1:0: [sdb] 20480 512-byte logical blocks: (10.5 MB/10.0 MiB)
[    4.245334] sd 2:0:1:0: [sdb] Write Protect is off
[    4.246821] sd 2:0:1:0: [sdb] Incomplete mode parameter data
[    4.247918] sd 2:0:1:0: [sdb] Assuming drive cache: write through
[    4.250231]  sda: sda1
[    4.251614] sd 2:0:0:0: [sda] Attached SCSI disk
[    4.252782] sd 2:0:1:0: [sdb] Attached SCSI disk
Begin: Loading essential drivers ... [    5.939159] raid6: sse2x1   gen()  5294 MB/s
[    5.988706] raid6: sse2x1   xor()  3940 MB/s
[    6.037438] raid6: sse2x2   gen()  6976 MB/s
[    6.084326] raid6: sse2x2   xor()  1961 MB/s
[    6.132784] raid6: sse2x4   gen()  9878 MB/s
[    6.181358] raid6: sse2x4   xor()  5585 MB/s
[    6.232482] raid6: avx2x1   gen()  9249 MB/s
[    6.280136] raid6: avx2x1   xor()  7169 MB/s
[    6.328599] raid6: avx2x2   gen() 17392 MB/s
[    6.376514] raid6: avx2x2   xor() 10753 MB/s
[    6.424047] raid6: avx2x4   gen() 16113 MB/s
[    6.472688] raid6: avx2x4   xor()  9284 MB/s
[    6.473928] raid6: using algorithm avx2x2 gen() 17392 MB/s
[    6.475129] raid6: .... xor() 10753 MB/s, rmw enabled
[    6.476160] raid6: using avx2x2 recovery algorithm
[    6.478543] xor: automatically using best checksumming function   avx       
[    6.483368] async_tx: api initialized (async)
done.
Begin: Running /scripts/init-premount ... done.
Begin: Mounting root file system ... Begin: Running /scripts/local-top ... done.
Begin: Running /scripts/local-premount ... [    6.554920] Btrfs loaded, crc32c=crc32c-intel
Scanning for Btrfs filesystems
done.
Warning: fsck not present, so skipping root file system
[    6.595038] EXT4-fs (sda1): INFO: recovery required on readonly filesystem
[    6.596906] EXT4-fs (sda1): write access will be enabled during recovery
[    6.799603] EXT4-fs (sda1): orphan cleanup on readonly fs
[    6.803791] EXT4-fs (sda1): 4 orphan inodes deleted
[    6.804633] EXT4-fs (sda1): recovery complete
[    6.813559] EXT4-fs (sda1): mounted filesystem with ordered data mode. Opts: (null)
done.
Begin: Running /scripts/local-bottom ... done.
Begin: Running /scripts/init-bottom ... done.
[    7.055188] ip_tables: (C) 2000-2006 Netfilter Core Team
[    7.066713] systemd[1]: systemd 237 running in system mode. (+PAM +AUDIT +SELINUX +IMA +APPARMOR +SMACK +SYSVINIT +UTMP +LIBCRYPTSETUP +GCRYPT +GNUTLS +ACL +XZ +LZ4 +SECCOMP +BLKID +ELFUTILS +KMOD -IDN2 +IDN -PCRE2 default-hierarchy=hybrid)
[    7.077605] systemd[1]: Detected virtualization oracle.
[    7.079453] systemd[1]: Detected architecture x86-64.

Welcome to [1mUbuntu 18.04.5 LTS[0m!

[    7.088519] systemd[1]: Set hostname to <crawlservervm>.
[    7.407314] systemd[1]: Set up automount Arbitrary Executable File Formats File System Automount Point.
[[0;32m  OK  [0m] Set up automount Arbitrary Executabâ€¦rmats File System Automount Point.
[    7.412640] systemd[1]: Reached target Swap.
[[0;32m  OK  [0m] Reached target Swap.
[    7.418072] systemd[1]: Created slice System Slice.
[[0;32m  OK  [0m] Created slice System Slice.
[    7.421795] systemd[1]: Created slice system-serial\x2dgetty.slice.
[[0;32m  OK  [0m] Created slice system-serial\x2dgetty.slice.
[    7.425597] systemd[1]: Reached target System Time Synchronized.
[[0;32m  OK  [0m] Reached target System Time Synchronized.
[    7.429538] systemd[1]: Listening on Device-mapper event daemon FIFOs.
[[0;32m  OK  [0m] Listening on Device-mapper event daemon FIFOs.
[[0;32m  OK  [0m] Listening on /dev/initctl Compatibility Named Pipe.
[[0;32m  OK  [0m] Listening on Network Service Netlink Socket.
[[0;32m  OK  [0m] Listening on Syslog Socket.
[[0;32m  OK  [0m] Listening on LVM2 poll daemon socket.
[[0;32m  OK  [0m] Reached target User and Group Name Lookups.
[[0;32m  OK  [0m] Listening on udev Kernel Socket.
[[0;32m  OK  [0m] Listening on Journal Audit Socket.
[[0;32m  OK  [0m] Listening on udev Control Socket.
[[0;32m  OK  [0m] Listening on LVM2 metadata daemon socket.
[[0;32m  OK  [0m] Created slice User and Session Slice.
[[0;32m  OK  [0m] Reached target Slices.
[[0;32m  OK  [0m] Listening on Journal Socket (/dev/log).
[[0;32m  OK  [0m] Listening on Journal Socket.
         Mounting Huge Pages File System...
         Starting Load Kernel Modules...
         Starting udev Coldplug all Devices...
         Mounting POSIX Message Queue File System...
         Starting Set the console keyboard layout...
         Starting Remount Root and Kernel File Systems...
         Starting Monitoring of LVM2 mirrorsâ€¦ng dmeventd or progress polling...
         Mounting Kernel Debug File System...
         Starting Create list of required stâ€¦ce nodes for the current kernel...
         Starting Uncomplicated firewall...
[[0;32m  OK  [0m] Started Forward Password Requests to Wall Directory Watch.
         Starting Journal Service...
[[0;32m  OK  [0m] Mounted Huge Pages File System.
[[0;32m  OK  [0m] Mounted POSIX Message Queue File System.
[[0;32m  OK  [0m] Mounted Kernel Debug File System.
[    7.534106] Loading iSCSI transport class v2.0-870.
[    7.550746] iscsi: registered transport (tcp)
[    7.557679] EXT4-fs (sda1): re-mounted. Opts: (null)
[[0;32m  OK  [0m] Started Create list of required staâ€¦vice nodes for the current kernel.
[[0;32m  OK  [0m] Started Remount Root and Kernel File Systems.
[    7.658703] iscsi: registered transport (iser)
         Starting Load/Save Random Seed...
         Starting Create Static Device Nodes in /dev...
[[0;32m  OK  [0m] Started Journal Service.
[[0;32m  OK  [0m] Started Load Kernel Modules.
[[0;32m  OK  [0m] Started udev Coldplug all Devices.
[[0;32m  OK  [0m] Started LVM2 metadata daemon.
         Starting Apply Kernel Variables...
         Mounting FUSE Control File System...
         Mounting Kernel Configuration File System...
         Starting Flush Journal to Persistent Storage...
[[0;32m  OK  [0m] Started Uncomplicated firewall.
[[0;32m  OK  [0m] Mounted FUSE Control File System.
[[0;32m  OK  [0m] Mounted Kernel Configuration File System.
[[0;32m  OK  [0m] Started Create Static Device Nodes in /dev.
         Starting udev Kernel Device Manager...
[[0;32m  OK  [0m] Started Load/Save Random Seed.
[[0;32m  OK  [0m] Started Monitoring of LVM2 mirrors,â€¦sing dmeventd or progress polling.
[[0;32m  OK  [0m] Started Apply Kernel Variables.
[[0;32m  OK  [0m] Started Set the console keyboard layout.
[[0;32m  OK  [0m] Reached target Local File Systems (Pre).
         Mounting /vagrant...
[[0;32m  OK  [0m] Reached target Local File Systems.
         Starting AppArmor initialization...
         Starting Tell Plymouth To Write Out Runtime Data...
         Starting ebtables ruleset management...
         Starting Set console font and keymap...
[[0;32m  OK  [0m] Started udev Kernel Device Manager.
[[0;32m  OK  [0m] Started Dispatch Password Requests to Console Directory Watch.
[[0;32m  OK  [0m] Reached target Local Encrypted Volumes.
[[0;32m  OK  [0m] Started Flush Journal to Persistent Storage.
         Starting Create Volatile Files and Directories...
[[0;32m  OK  [0m] Started Tell Plymouth To Write Out Runtime Data.
[[0;32m  OK  [0m] Started Set console font and keymap.
[[0;32m  OK  [0m] Started Create Volatile Files and Directories.
         Starting Update UTMP about System Boot/Shutdown...
[[0;32m  OK  [0m] Mounted /vagrant.
[[0;32m  OK  [0m] Started Update UTMP about System Boot/Shutdown.
[[0;32m  OK  [0m] Started ebtables ruleset management.
[[0;32m  OK  [0m] Found device /dev/ttyS0.
[[0;32m  OK  [0m] Started AppArmor initialization.
         Starting Load AppArmor profiles managed internally by snapd...
         Starting Initial cloud-init job (pre-networking)...
[[0;32m  OK  [0m] Started Load AppArmor profiles managed internally by snapd.
[[0;32m  OK  [0m] Listening on Load/Save RF Kill Switch Status /dev/rfkill Watch.
[   10.127350] cloud-init[540]: Cloud-init v. 20.3-2-g371b392c-0ubuntu1~18.04.1 running 'init-local' at Wed, 17 Mar 2021 21:22:42 +0000. Up 9.78 seconds.
[[0;32m  OK  [0m] Started Initial cloud-init job (pre-networking).
[[0;32m  OK  [0m] Reached target Network (Pre).
         Starting Network Service...
[[0;32m  OK  [0m] Started Network Service.
         Starting Network Name Resolution...
         Starting Wait for Network to be Configured...
[[0;32m  OK  [0m] Started Network Name Resolution.
[[0;32m  OK  [0m] Reached target Network.
[[0;32m  OK  [0m] Reached target Host and Network Name Lookups.
[[0;32m  OK  [0m] Started Wait for Network to be Configured.
         Starting Initial cloud-init job (metadata service crawler)...
[   12.986185] cloud-init[679]: Cloud-init v. 20.3-2-g371b392c-0ubuntu1~18.04.1 running 'init' at Wed, 17 Mar 2021 21:22:45 +0000. Up 12.73 seconds.
[   12.989329] cloud-init[679]: ci-info: ++++++++++++++++++++++++++++++++++++++Net device info+++++++++++++++++++++++++++++++++++++++
[   12.991850] cloud-init[679]: ci-info: +--------+------+-----------------------------+---------------+--------+-------------------+
[   12.994919] cloud-init[679]: ci-info: | Device |  Up  |           Address           |      Mask     | Scope  |     Hw-Address    |
[   12.998599] cloud-init[679]: ci-info: +--------+------+-----------------------------+---------------+--------+-------------------+
[   13.001161] cloud-init[679]: ci-info: | enp0s3 | True |          10.0.2.15          | 255.255.255.0 | global | 02:9d:c8:d0:97:b6 |
[   13.005751] cloud-init[679]: ci-info: | enp0s3 | True |  fe80::9d:c8ff:fed0:97b6/64 |       .       |  link  | 02:9d:c8:d0:97:b6 |
[   13.008799] cloud-init[679]: ci-info: | enp0s8 | True |        192.168.33.151       | 255.255.255.0 | global | 08:00:27:05:4a:06 |
[   13.011346] cloud-init[679]: ci-info: | enp0s8 | True | fe80::a00:27ff:fe05:4a06/64 |       .       |  link  | 08:00:27:05:4a:06 |
[   13.013886] cloud-init[679]: ci-info: |   lo   | True |          127.0.0.1          |   255.0.0.0   |  host  |         .         |
[   13.016500] cloud-init[679]: ci-info: |   lo   | True |           ::1/128           |       .       |  host  |         .         |
[   13.018848] cloud-init[679]: ci-info: +--------+------+-----------------------------+---------------+--------+-------------------+
[   13.021266] cloud-init[679]: ci-info: +++++++++++++++++++++++++++++Route IPv4 info+++++++++++++++++++++++++++++
[   13.040302] cloud-init[679]: ci-info: +-------+--------------+----------+-----------------+-----------+-------+
[   13.042426] cloud-init[679]: ci-info: | Route | Destination  | Gateway  |     Genmask     | Interface | Flags |
[   13.046124] cloud-init[679]: ci-info: +-------+--------------+----------+-----------------+-----------+-------+
[   13.048742] cloud-init[679]: ci-info: |   0   |   0.0.0.0    | 10.0.2.2 |     0.0.0.0     |   enp0s3  |   UG  |
[   13.051761] cloud-init[679]: ci-info: |   1   |   10.0.2.0   | 0.0.0.0  |  255.255.255.0  |   enp0s3  |   U   |
[   13.053883] cloud-init[679]: ci-info: |   2   |   10.0.2.2   | 0.0.0.0  | 255.255.255.255 |   enp0s3  |   UH  |
[   13.063558] cloud-init[679]: ci-info: |   3   | 192.168.33.0 | 0.0.0.0  |  255.255.255.0  |   enp0s8  |   U   |
[   13.067889] cloud-init[679]: ci-info: +-------+--------------+----------+-----------------+-----------+-------+
[   13.084535] cloud-init[679]: ci-info: +++++++++++++++++++Route IPv6 info+++++++++++++++++++
[   13.087116] cloud-init[679]: ci-info: +-------+-------------+---------+-----------+-------+
[   13.088491] cloud-init[679]: ci-info: | Route | Destination | Gateway | Interface | Flags |
[   13.089822] cloud-init[679]: ci-info: +-------+-------------+---------+-----------+-------+
[   13.091768] cloud-init[679]: ci-info: |   1   |  fe80::/64  |    ::   |   enp0s8  |   U   |
[   13.093380] cloud-init[679]: ci-info: |   2   |  fe80::/64  |    ::   |   enp0s3  |   U   |
[   13.095558] cloud-init[679]: ci-info: |   4   |    local    |    ::   |   enp0s3  |   U   |
[   13.097201] cloud-init[679]: ci-info: |   5   |    local    |    ::   |   enp0s8  |   U   |
[   13.098859] cloud-init[679]: ci-info: |   6   |   ff00::/8  |    ::   |   enp0s8  |   U   |
[   13.100890] cloud-init[679]: ci-info: |   7   |   ff00::/8  |    ::   |   enp0s3  |   U   |
[   13.102578] cloud-init[679]: ci-info: +-------+-------------+---------+-----------+-------+
[[0;32m  OK  [0m] Started Initial cloud-init job (metadata service crawler).
[[0;32m  OK  [0m] Reached target System Initialization.
[[0;32m  OK  [0m] Listening on Open-iSCSI iscsid Socket.
[[0;32m  OK  [0m] Listening on D-Bus System Message Bus Socket.
[[0;32m  OK  [0m] Listening on ACPID Listen Socket.
         Starting Socket activation for snappy daemon.
[[0;32m  OK  [0m] Started ACPI Events Check.
[[0;32m  OK  [0m] Started Message of the Day.
[[0;32m  OK  [0m] Started Daily apt download activities.
         Starting LXD - unix socket.
         Starting Docker Socket for the API.
[[0;32m  OK  [0m] Started Daily Cleanup of Temporary Directories.
[[0;32m  OK  [0m] Reached target Paths.
[[0;32m  OK  [0m] Started Daily apt upgrade and clean activities.
[[0;32m  OK  [0m] Listening on UUID daemon activation socket.
[[0;32m  OK  [0m] Started Discard unused blocks once a week.
[[0;32m  OK  [0m] Reached target Timers.
[[0;32m  OK  [0m] Reached target Network is Online.
         Starting Availability of block devices...
[[0;32m  OK  [0m] Reached target Remote File Systems (Pre).
[[0;32m  OK  [0m] Reached target Remote File Systems.
[[0;32m  OK  [0m] Reached target Cloud-config availability.
[[0;32m  OK  [0m] Listening on Socket activation for snappy daemon.
[[0;32m  OK  [0m] Listening on LXD - unix socket.
[[0;32m  OK  [0m] Listening on Docker Socket for the API.
[[0;32m  OK  [0m] Started Availability of block devices.
[[0;32m  OK  [0m] Reached target Sockets.
[[0;32m  OK  [0m] Reached target Basic System.
[[0;32m  OK  [0m] Started FUSE filesystem for LXC.
         Starting LXD - container startup/shutdown...
         Starting System Logging Service...
         Starting LSB: automatic crash report generation...
         Starting Permit User Sessions...
         Starting OpenBSD Secure Shell server...
[[0;32m  OK  [0m] Started D-Bus System Message Bus.
[[0;32m  OK  [0m] Started Deferred execution scheduler.
         Starting Accounts Service...
[[0;32m  OK  [0m] Started Regular background program processing daemon.
         Starting containerd container runtime...
         Starting LSB: Record successful boot for GRUB...
[[0;32m  OK  [0m] Started irqbalance daemon.
         Starting Virtualbox guest utils...
         Starting Login Service...
         Starting Dispatcher daemon for systemd-networkd...
         Starting Snap Daemon...
[[0;32m  OK  [0m] Started System Logging Service.
[[0;32m  OK  [0m] Started LXD - container startup/shutdown.
[[0;32m  OK  [0m] Started Permit User Sessions.
[[0;32m  OK  [0m] Started OpenBSD Secure Shell server.
[[0;32m  OK  [0m] Started Login Service.
[[0;32m  OK  [0m] Started Unattended Upgrades Shutdown.
         Starting Authorization Manager...
         Starting Terminate Plymouth Boot Screen...
         Starting Hold until boot process finishes up...
[[0;32m  OK  [0m] Started Hold until boot process finishes up.
         Starting Set console scheme...
[[0;32m  OK  [0m] Started Serial Getty on ttyS0.
[[0;32m  OK  [0m] Started Terminate Plymouth Boot Screen.
[[0;32m  OK  [0m] Started Set console scheme.
[[0;32m  OK  [0m] Created slice system-getty.slice.
[[0;32m  OK  [0m] Started Getty on tty1.
[[0;32m  OK  [0m] Reached target Login Prompts.
[[0;32m  OK  [0m] Started LSB: automatic crash report generation.
[[0;32m  OK  [0m] Started Authorization Manager.
[[0;32m  OK  [0m] Started Accounts Service.
[[0;32m  OK  [0m] Created slice User Slice of vagrant.
[[0;32m  OK  [0m] Started Virtualbox guest utils.
[[0;32m  OK  [0m] Started Session 1 of user vagrant.
         Starting User Manager for UID 1000...
[[0;32m  OK  [0m] Started LSB: Record successful boot for GRUB.
[[0;32m  OK  [0m] Started Dispatcher daemon for systemd-networkd.
[[0;32m  OK  [0m] Started User Manager for UID 1000.
[[0;32m  OK  [0m] Started containerd container runtime.
         Starting Docker Application Container Engine...
[[0;32m  OK  [0m] Started Snap Daemon.
         Starting Wait until snapd is fully seeded...
[[0;32m  OK  [0m] Started Wait until snapd is fully seeded.
         Starting Apply the settings specified in cloud-config...
[   17.676554] cloud-init[1124]: Cloud-init v. 20.3-2-g371b392c-0ubuntu1~18.04.1 running 'modules:config' at Wed, 17 Mar 2021 21:22:50 +0000. Up 17.45 seconds.
[[0;32m  OK  [0m] Started Apply the settings specified in cloud-config.

Ubuntu 18.04.5 LTS crawlservervm ttyS0

crawlservervm login: [   20.579842] cloud-init[1580]: Cloud-init v. 20.3-2-g371b392c-0ubuntu1~18.04.1 running 'modules:final' at Wed, 17 Mar 2021 21:22:53 +0000. Up 20.40 seconds.
[   20.580042] cloud-init[1580]: Cloud-init v. 20.3-2-g371b392c-0ubuntu1~18.04.1 finished at Wed, 17 Mar 2021 21:22:53 +0000. Datasource DataSourceNoCloud [seed=/dev/sdb][dsmode=net].  Up 20.56 seconds
